exports[`JSONEditor should render 1`] = `<ul class="tree-container" style="list-style: none; margin: 0px;"></ul>`;

exports[`JSONEditor should return changed data 1`] = `undefined`;

exports[`JSONEditor should return jsx element 1`] = `undefined`;

exports[`JSONEditor should return jsx element 2`] = `undefined`;
