exports[`StatePane should render 1`] = `
<div class="state-pane-container">
  <div class="header">Component:
    <span>
      <span class="node-name-container">&lt;
        <span class="name">fooComponent</span>&gt;</span>
      <a class="see-in-dom" href="javascript:;">(Click to See Element)</a>
    </span>
  </div>
  <div class="category">
    <div class="name">one:</div>
    <ul class="tree-container" style="list-style: none; margin: 0px;">
      <li>
        <div>
          <span style="">foo: </span>
          <span style="color: rgb(196, 26, 22);" title="Click to Edit">
            <span style="white-space: pre;">bar</span>
          </span>
        </div>
      </li>
    </ul>
  </div>
  <div class="category">
    <div class="name">two:</div>
    <ul class="tree-container" style="list-style: none; margin: 0px;"></ul>
  </div>
</div>
`;
